###############################################################################
#
# IAR ELF Linker V9.10.1.308/W64 for ARM                  27/Dec/2021  18:42:38
# Copyright 2007-2021 IAR Systems AB.
#
#    Output file  =
#        D:\GitHub\STM32F103_EqualizerBar\Firmware\EWARM\WS2812B\Exe\WS2812B.out
#    Map file     =
#        D:\GitHub\STM32F103_EqualizerBar\Firmware\EWARM\WS2812B\List\WS2812B.map
#    Command line =
#        -f
#        D:\GitHub\STM32F103_EqualizerBar\Firmware\EWARM\WS2812B\Exe\WS2812B.out.rsp
#        (D:\GitHub\STM32F103_EqualizerBar\Firmware\EWARM\WS2812B\Obj\Application\User\Src\equalizer.o
#        D:\GitHub\STM32F103_EqualizerBar\Firmware\EWARM\WS2812B\Obj\Application\User\Src\main.o
#        D:\GitHub\STM32F103_EqualizerBar\Firmware\EWARM\WS2812B\Obj\Application\EWARM\startup_stm32f103xb.o
#        D:\GitHub\STM32F103_EqualizerBar\Firmware\EWARM\WS2812B\Obj\Application\EWARM\Drivers\STM32F1xx_HAL_Driver\stm32f1xx_hal.o
#        D:\GitHub\STM32F103_EqualizerBar\Firmware\EWARM\WS2812B\Obj\Application\EWARM\Drivers\STM32F1xx_HAL_Driver\stm32f1xx_hal_cortex.o
#        D:\GitHub\STM32F103_EqualizerBar\Firmware\EWARM\WS2812B\Obj\Application\EWARM\Drivers\STM32F1xx_HAL_Driver\stm32f1xx_hal_dma.o
#        D:\GitHub\STM32F103_EqualizerBar\Firmware\EWARM\WS2812B\Obj\Application\EWARM\Drivers\STM32F1xx_HAL_Driver\stm32f1xx_hal_exti.o
#        D:\GitHub\STM32F103_EqualizerBar\Firmware\EWARM\WS2812B\Obj\Application\EWARM\Drivers\STM32F1xx_HAL_Driver\stm32f1xx_hal_flash.o
#        D:\GitHub\STM32F103_EqualizerBar\Firmware\EWARM\WS2812B\Obj\Application\EWARM\Drivers\STM32F1xx_HAL_Driver\stm32f1xx_hal_flash_ex.o
#        D:\GitHub\STM32F103_EqualizerBar\Firmware\EWARM\WS2812B\Obj\Application\EWARM\Drivers\STM32F1xx_HAL_Driver\stm32f1xx_hal_gpio.o
#        D:\GitHub\STM32F103_EqualizerBar\Firmware\EWARM\WS2812B\Obj\Application\EWARM\Drivers\STM32F1xx_HAL_Driver\stm32f1xx_hal_gpio_ex.o
#        D:\GitHub\STM32F103_EqualizerBar\Firmware\EWARM\WS2812B\Obj\Application\User\Src\stm32f1xx_hal_msp.o
#        D:\GitHub\STM32F103_EqualizerBar\Firmware\EWARM\WS2812B\Obj\Application\EWARM\Drivers\STM32F1xx_HAL_Driver\stm32f1xx_hal_pwr.o
#        D:\GitHub\STM32F103_EqualizerBar\Firmware\EWARM\WS2812B\Obj\Application\EWARM\Drivers\STM32F1xx_HAL_Driver\stm32f1xx_hal_rcc.o
#        D:\GitHub\STM32F103_EqualizerBar\Firmware\EWARM\WS2812B\Obj\Application\EWARM\Drivers\STM32F1xx_HAL_Driver\stm32f1xx_hal_rcc_ex.o
#        D:\GitHub\STM32F103_EqualizerBar\Firmware\EWARM\WS2812B\Obj\Application\EWARM\Drivers\STM32F1xx_HAL_Driver\stm32f1xx_hal_tim.o
#        D:\GitHub\STM32F103_EqualizerBar\Firmware\EWARM\WS2812B\Obj\Application\EWARM\Drivers\STM32F1xx_HAL_Driver\stm32f1xx_hal_tim_ex.o
#        D:\GitHub\STM32F103_EqualizerBar\Firmware\EWARM\WS2812B\Obj\Application\User\Src\stm32f1xx_it.o
#        D:\GitHub\STM32F103_EqualizerBar\Firmware\EWARM\WS2812B\Obj\Application\EWARM\Drivers\CMSIS\system_stm32f1xx.o
#        D:\GitHub\STM32F103_EqualizerBar\Firmware\EWARM\WS2812B\Obj\Application\User\Src\ws2812b.o
#        --no_out_extension -o
#        D:\GitHub\STM32F103_EqualizerBar\Firmware\EWARM\WS2812B\Exe\WS2812B.out
#        --redirect _Printf=_PrintfFullNoMb --redirect _Scanf=_ScanfFullNoMb
#        --map
#        D:\GitHub\STM32F103_EqualizerBar\Firmware\EWARM\WS2812B\List\WS2812B.map
#        --config
#        D:\GitHub\STM32F103_EqualizerBar\Firmware\EWARM/stm32f103xb_flash.icf
#        --semihosting --entry __iar_program_start --vfe --text_out locale)
#
###############################################################################

*******************************************************************************
*** RUNTIME MODEL ATTRIBUTES
***

CppFlavor       = *
__SystemLibrary = DLib
__dlib_version  = 6


*******************************************************************************
*** HEAP SELECTION
***

The basic heap was selected because no calls to memory allocation
functions were found in the application outside of system library
functions, and there are calls to deallocation functions in the
application.


*******************************************************************************
*** PLACEMENT SUMMARY
***

"A0":  place at address 0x800'0000 { ro section .intvec };
"P1":  place in [from 0x800'0000 to 0x801'ffff] { ro };
define block CSTACK with size = 1K, alignment = 8 { };
define block HEAP with size = 512, alignment = 8 { };
"P2":  place in [from 0x2000'0000 to 0x2000'4fff] {
          rw, block CSTACK, block HEAP };
initialize by copy { rw };

  Section            Kind         Address    Size  Object
  -------            ----         -------    ----  ------
"A0":                                        0xec
  .intvec            ro code   0x800'0000    0xec  startup_stm32f103xb.o [1]
                             - 0x800'00ec    0xec

"P1":                                      0x19ef
  .text              ro code   0x800'00ec   0x6d0  stm32f1xx_hal_rcc.o [3]
  .text              ro code   0x800'07bc     0xc  stm32f1xx_hal.o [3]
  .text              ro code   0x800'07c8    0x4c  stm32f1xx_hal.o [3]
  .text              ro code   0x800'0814    0x86  ABImemcpy.o [6]
  .text              ro code   0x800'089a    0x3a  packbits_init_single.o [6]
  .text              ro code   0x800'08d4   0x184  stm32f1xx_hal_cortex.o [3]
  .text              ro code   0x800'0a58   0x486  ws2812b.o [4]
  .rodata            const     0x800'0ede     0x2  stm32f1xx_hal_rcc.o [3]
  .text              ro code   0x800'0ee0   0x268  stm32f1xx_hal_gpio.o [3]
  .text              ro code   0x800'1148   0x250  stm32f1xx_hal_dma.o [3]
  .text              ro code   0x800'1398   0x2c8  stm32f1xx_hal_tim.o [3]
  .text              ro code   0x800'1660     0x2  stm32f1xx_hal_tim.o [3]
  .text              ro code   0x800'1664    0xf8  main.o [4]
  .text              ro code   0x800'175c    0x28  stm32f1xx_hal.o [3]
  .text              ro code   0x800'1784    0x84  equalizer.o [4]
  .text              ro code   0x800'1808    0x28  stm32f1xx_hal.o [3]
  .text              ro code   0x800'1830    0x14  memset.o [6]
  .text              ro code   0x800'1844    0x40  stm32f1xx_hal_msp.o [4]
  .text              ro code   0x800'1884    0x66  ABImemset.o [6]
  .rodata            const     0x800'18ec    0x30  equalizer.o [4]
  .text              ro code   0x800'191c    0x28  data_init.o [6]
  .iar.init_table    const     0x800'1944    0x10  - Linker created -
  .text              ro code   0x800'1954    0x1e  cmain.o [6]
  .text              ro code   0x800'1972     0x4  low_level_init.o [5]
  .text              ro code   0x800'1976     0x4  exit.o [5]
  .text              ro code   0x800'197c     0xa  cexit.o [6]
  .text              ro code   0x800'1988    0x14  exit.o [7]
  .text              ro code   0x800'199c    0x1c  cstartup_M.o [6]
  .text              ro code   0x800'19b8    0x18  stm32f1xx_hal.o [3]
  .text              ro code   0x800'19d0    0x18  stm32f1xx_it.o [4]
  .rodata            const     0x800'19e8    0x10  stm32f1xx_hal_rcc.o [3]
  .rodata            const     0x800'19f8    0x10  system_stm32f1xx.o [2]
  .text              ro code   0x800'1a08    0x10  startup_stm32f103xb.o [1]
  .text              ro code   0x800'1a18     0x4  startup_stm32f103xb.o [1]
  .text              ro code   0x800'1a1c     0x4  startup_stm32f103xb.o [1]
  .text              ro code   0x800'1a20     0x4  startup_stm32f103xb.o [1]
  .text              ro code   0x800'1a24     0x4  startup_stm32f103xb.o [1]
  .text              ro code   0x800'1a28     0x4  startup_stm32f103xb.o [1]
  .text              ro code   0x800'1a2c     0x4  startup_stm32f103xb.o [1]
  .text              ro code   0x800'1a30     0x4  startup_stm32f103xb.o [1]
  .text              ro code   0x800'1a34     0x4  startup_stm32f103xb.o [1]
  .text              ro code   0x800'1a38     0x4  startup_stm32f103xb.o [1]
  .text              ro code   0x800'1a3c     0x4  startup_stm32f103xb.o [1]
  .text              ro code   0x800'1a40     0x4  startup_stm32f103xb.o [1]
  .text              ro code   0x800'1a44     0x4  startup_stm32f103xb.o [1]
  .text              ro code   0x800'1a48     0x4  startup_stm32f103xb.o [1]
  .text              ro code   0x800'1a4c     0x4  startup_stm32f103xb.o [1]
  .text              ro code   0x800'1a50     0x4  startup_stm32f103xb.o [1]
  .text              ro code   0x800'1a54     0x4  startup_stm32f103xb.o [1]
  .text              ro code   0x800'1a58     0x4  startup_stm32f103xb.o [1]
  .text              ro code   0x800'1a5c     0x4  startup_stm32f103xb.o [1]
  .text              ro code   0x800'1a60     0x4  startup_stm32f103xb.o [1]
  .text              ro code   0x800'1a64     0x4  startup_stm32f103xb.o [1]
  .text              ro code   0x800'1a68     0x4  startup_stm32f103xb.o [1]
  .text              ro code   0x800'1a6c     0x4  startup_stm32f103xb.o [1]
  .text              ro code   0x800'1a70     0x4  startup_stm32f103xb.o [1]
  .text              ro code   0x800'1a74     0x4  startup_stm32f103xb.o [1]
  .text              ro code   0x800'1a78     0x4  startup_stm32f103xb.o [1]
  .text              ro code   0x800'1a7c     0x4  startup_stm32f103xb.o [1]
  .text              ro code   0x800'1a80     0x4  startup_stm32f103xb.o [1]
  .text              ro code   0x800'1a84     0x4  startup_stm32f103xb.o [1]
  .text              ro code   0x800'1a88     0x4  startup_stm32f103xb.o [1]
  .text              ro code   0x800'1a8c     0x4  startup_stm32f103xb.o [1]
  .text              ro code   0x800'1a90     0x4  startup_stm32f103xb.o [1]
  .text              ro code   0x800'1a94     0x4  startup_stm32f103xb.o [1]
  .text              ro code   0x800'1a98     0x4  startup_stm32f103xb.o [1]
  .text              ro code   0x800'1a9c     0x4  startup_stm32f103xb.o [1]
  .text              ro code   0x800'1aa0     0x4  startup_stm32f103xb.o [1]
  .text              ro code   0x800'1aa4     0x4  startup_stm32f103xb.o [1]
  .text              ro code   0x800'1aa8     0x4  startup_stm32f103xb.o [1]
  .text              ro code   0x800'1aac     0x4  startup_stm32f103xb.o [1]
  .text              ro code   0x800'1ab0     0x4  startup_stm32f103xb.o [1]
  .text              ro code   0x800'1ab4     0x4  startup_stm32f103xb.o [1]
  .text              ro code   0x800'1ab8     0x4  startup_stm32f103xb.o [1]
  .text              ro code   0x800'1abc     0x2  system_stm32f1xx.o [2]
  .rodata            const     0x800'1abe     0x0  packbits_init_single.o [6]
  Initializer bytes  const     0x800'1abe    0x1d  <for P2-1>
                             - 0x800'1adb  0x19ef

"P2", part 1 of 2:                          0x3fd
  P2-1                        0x2000'0000   0x3fd  <Init block>
    .data            inited   0x2000'0000     0x4  stm32f1xx_hal.o [3]
    .data            inited   0x2000'0004     0x4  system_stm32f1xx.o [2]
    .data            inited   0x2000'0008   0x3e5  ws2812b.o [4]
    .bss             inited   0x2000'03f0     0x8  equalizer.o [4]
    .bss             inited   0x2000'03f8     0x4  stm32f1xx_hal.o [3]
    .data            inited   0x2000'03fc     0x1  stm32f1xx_hal.o [3]
                            - 0x2000'03fd   0x3fd

"P2", part 2 of 2:                          0x400
  CSTACK                      0x2000'0400   0x400  <Block>
    CSTACK           uninit   0x2000'0400   0x400  <Block tail>
                            - 0x2000'0800   0x400

Unused ranges:

         From           To      Size
         ----           --      ----
   0x800'1adb   0x801'ffff  0x1'e525
  0x2000'03fd  0x2000'03ff       0x3
  0x2000'0800  0x2000'4fff    0x4800


*******************************************************************************
*** INIT TABLE
***

          Address      Size
          -------      ----
Copy/packbits (__iar_packbits_init_single3)
    1 source range, total size 0x1d (2% of destination):
           0x800'1abe   0x1d
    1 destination range, total size 0x3fd:
          0x2000'0000  0x3fd



*******************************************************************************
*** MODULE SUMMARY
***

    Module                  ro code  ro data  rw data
    ------                  -------  -------  -------
command line/config:
    -------------------------------------------------
    Total:

D:\GitHub\STM32F103_EqualizerBar\Firmware\EWARM\WS2812B\Obj\Application\EWARM: [1]
    startup_stm32f103xb.o       416
    -------------------------------------------------
    Total:                      416

D:\GitHub\STM32F103_EqualizerBar\Firmware\EWARM\WS2812B\Obj\Application\EWARM\Drivers\CMSIS: [2]
    system_stm32f1xx.o            2       16        4
    -------------------------------------------------
    Total:                        2       16        4

D:\GitHub\STM32F103_EqualizerBar\Firmware\EWARM\WS2812B\Obj\Application\EWARM\Drivers\STM32F1xx_HAL_Driver: [3]
    stm32f1xx_hal.o             192        1        9
    stm32f1xx_hal_cortex.o      388
    stm32f1xx_hal_dma.o         592
    stm32f1xx_hal_gpio.o        616
    stm32f1xx_hal_rcc.o       1'744       18
    stm32f1xx_hal_tim.o         714
    -------------------------------------------------
    Total:                    4'246       19        9

D:\GitHub\STM32F103_EqualizerBar\Firmware\EWARM\WS2812B\Obj\Application\User\Src: [4]
    equalizer.o                 132       48        8
    main.o                      248
    stm32f1xx_hal_msp.o          64
    stm32f1xx_it.o               24
    ws2812b.o                 1'158       28      997
    -------------------------------------------------
    Total:                    1'626       76    1'005

dl7M_tlf.a: [5]
    exit.o                        4
    low_level_init.o              4
    -------------------------------------------------
    Total:                        8

rt7M_tl.a: [6]
    ABImemcpy.o                 134
    ABImemset.o                 102
    cexit.o                      10
    cmain.o                      30
    cstartup_M.o                 28
    data_init.o                  40
    memset.o                     20
    packbits_init_single.o       58
    -------------------------------------------------
    Total:                      422

shb_l.a: [7]
    exit.o                       20
    -------------------------------------------------
    Total:                       20

    Gaps                          6        2        3
    Linker created                        16    1'024
-----------------------------------------------------
    Grand Total:              6'746      129    2'045


*******************************************************************************
*** ENTRY LIST
***

Entry                       Address   Size  Type      Object
-----                       -------   ----  ----      ------
.iar.init_table$$Base    0x800'1944          --   Gb  - Linker created -
.iar.init_table$$Limit   0x800'1954          --   Gb  - Linker created -
?main                    0x800'1955         Code  Gb  cmain.o [6]
AHBPrescTable            0x800'19f8   0x10  Data  Gb  system_stm32f1xx.o [2]
BusFault_Handler         0x800'19d7    0x2  Code  Gb  stm32f1xx_it.o [4]
CSTACK$$Base            0x2000'0400          --   Gb  - Linker created -
CSTACK$$Limit           0x2000'0800          --   Gb  - Linker created -
DMA1_Channel7_IRQHandler
                         0x800'0d19    0x6  Code  Gb  ws2812b.o [4]
DMA_HandleStruct_CC1    0x2000'004c   0x44  Data  Lc  ws2812b.o [4]
DMA_HandleStruct_CC2    0x2000'0090   0x44  Data  Lc  ws2812b.o [4]
DMA_HandleStruct_UEV    0x2000'0008   0x44  Data  Lc  ws2812b.o [4]
DebugMon_Handler         0x800'19dd    0x2  Code  Gb  stm32f1xx_it.o [4]
Error_Handler            0x800'1759    0x4  Code  Gb  main.o [4]
HAL_DMA_IRQHandler       0x800'11af  0x16a  Code  Gb  stm32f1xx_hal_dma.o [3]
HAL_DMA_Init             0x800'1149   0x66  Code  Gb  stm32f1xx_hal_dma.o [3]
HAL_DMA_RegisterCallback
                         0x800'133d   0x5c  Code  Gb  stm32f1xx_hal_dma.o [3]
HAL_Delay                0x800'1809   0x28  Code  Gb  stm32f1xx_hal.o [3]
HAL_GPIO_Init            0x800'0ee1  0x226  Code  Gb  stm32f1xx_hal_gpio.o [3]
HAL_GetTick              0x800'07bd    0xc  Code  Gb  stm32f1xx_hal.o [3]
HAL_IncTick              0x800'19b9   0x18  Code  Gb  stm32f1xx_hal.o [3]
HAL_Init                 0x800'175d   0x22  Code  Gb  stm32f1xx_hal.o [3]
HAL_InitTick             0x800'07c9   0x4c  Code  Gb  stm32f1xx_hal.o [3]
HAL_MspInit              0x800'1845   0x40  Code  Gb  stm32f1xx_hal_msp.o [4]
HAL_NVIC_ClearPendingIRQ
                         0x800'0a25    0xe  Code  Gb  stm32f1xx_hal_cortex.o [3]
HAL_NVIC_EnableIRQ       0x800'0a0b    0xe  Code  Gb  stm32f1xx_hal_cortex.o [3]
HAL_NVIC_SetPriority     0x800'09e1   0x2a  Code  Gb  stm32f1xx_hal_cortex.o [3]
HAL_NVIC_SetPriorityGrouping
                         0x800'09d5    0xc  Code  Gb  stm32f1xx_hal_cortex.o [3]
HAL_RCC_ClockConfig      0x800'056f  0x170  Code  Gb  stm32f1xx_hal_rcc.o [3]
HAL_RCC_GetSysClockFreq
                         0x800'06df   0x72  Code  Gb  stm32f1xx_hal_rcc.o [3]
HAL_RCC_OscConfig        0x800'00ed  0x482  Code  Gb  stm32f1xx_hal_rcc.o [3]
HAL_SYSTICK_Config       0x800'0a19    0xc  Code  Gb  stm32f1xx_hal_cortex.o [3]
HAL_TIM_Base_Init        0x800'1399   0x6e  Code  Gb  stm32f1xx_hal_tim.o [3]
HAL_TIM_Base_MspInit     0x800'1661    0x2  Code  Gb  stm32f1xx_hal_tim.o [3]
HAL_TIM_OC_ConfigChannel
                         0x800'1407   0x60  Code  Gb  stm32f1xx_hal_tim.o [3]
HardFault_Handler        0x800'19d3    0x2  Code  Gb  stm32f1xx_it.o [4]
MX_GPIO_Init             0x800'171f   0x36  Code  Lc  main.o [4]
MemManage_Handler        0x800'19d5    0x2  Code  Gb  stm32f1xx_it.o [4]
NMI_Handler              0x800'19d1    0x2  Code  Gb  stm32f1xx_it.o [4]
NVIC_EncodePriority      0x800'0963   0x42  Code  Lc  stm32f1xx_hal_cortex.o [3]
PendSV_Handler           0x800'19df    0x2  Code  Gb  stm32f1xx_it.o [4]
RCC_Delay                0x800'0751   0x26  Code  Lc  stm32f1xx_hal_rcc.o [3]
Region$$Table$$Base      0x800'1944          --   Gb  - Linker created -
Region$$Table$$Limit     0x800'1954          --   Gb  - Linker created -
SVC_Handler              0x800'19db    0x2  Code  Gb  stm32f1xx_it.o [4]
SysTick_Config           0x800'09a5   0x30  Code  Lc  stm32f1xx_hal_cortex.o [3]
SysTick_Handler          0x800'19e1    0x8  Code  Gb  stm32f1xx_it.o [4]
SystemClock_Config       0x800'16ad   0x72  Code  Gb  main.o [4]
SystemCoreClock         0x2000'0004    0x4  Data  Gb  system_stm32f1xx.o [2]
SystemInit               0x800'1abd    0x2  Code  Gb  system_stm32f1xx.o [2]
TIM2_Handle             0x2000'03a4   0x48  Data  Lc  ws2812b.o [4]
TIM2_IRQHandler          0x800'0d1f   0x3e  Code  Gb  ws2812b.o [4]
TIM_Base_SetConfig       0x800'1467   0x64  Code  Gb  stm32f1xx_hal_tim.o [3]
TIM_CCxChannelCmd        0x800'163d   0x24  Code  Gb  stm32f1xx_hal_tim.o [3]
TIM_OC1_SetConfig        0x800'14cb   0x5a  Code  Lc  stm32f1xx_hal_tim.o [3]
TIM_OC2_SetConfig        0x800'1525   0x64  Code  Gb  stm32f1xx_hal_tim.o [3]
TIM_OC3_SetConfig        0x800'1589   0x62  Code  Lc  stm32f1xx_hal_tim.o [3]
TIM_OC4_SetConfig        0x800'15eb   0x46  Code  Lc  stm32f1xx_hal_tim.o [3]
TransferComplete         0x800'0d5d   0x7a  Code  Lc  ws2812b.o [4]
TransferError            0x800'0dd9    0x2  Code  Lc  ws2812b.o [4]
UsageFault_Handler       0x800'19d9    0x2  Code  Gb  stm32f1xx_it.o [4]
WS2812B_clearBuffer      0x800'0ddd   0x56  Code  Gb  ws2812b.o [4]
WS2812B_init             0x800'0a59  0x1a8  Code  Gb  ws2812b.o [4]
WS2812B_sendBuffer       0x800'0c01  0x118  Code  Gb  ws2812b.o [4]
WS2812B_setPixel         0x800'0e33   0x82  Code  Gb  ws2812b.o [4]
WS2812_Buffer           0x2000'00d4  0x2d0  Data  Lc  ws2812b.o [4]
WS2812_High              0x800'0ed8    0x2  Data  Lc  ws2812b.o [4]
WS2812_Low               0x800'0edc    0x2  Data  Lc  ws2812b.o [4]
WS2812_State            0x2000'03ec    0x1  Data  Lc  ws2812b.o [4]
__NVIC_ClearPendingIRQ   0x800'0919   0x1e  Code  Lc  stm32f1xx_hal_cortex.o [3]
__NVIC_EnableIRQ         0x800'08fb   0x1e  Code  Lc  stm32f1xx_hal_cortex.o [3]
__NVIC_GetPriorityGrouping
                         0x800'08f1    0xa  Code  Lc  stm32f1xx_hal_cortex.o [3]
__NVIC_SetPriority       0x800'0937   0x2c  Code  Lc  stm32f1xx_hal_cortex.o [3]
__NVIC_SetPriorityGrouping
                         0x800'08d5   0x1c  Code  Lc  stm32f1xx_hal_cortex.o [3]
__aeabi_memcpy4          0x800'0815         Code  Gb  ABImemcpy.o [6]
__aeabi_memcpy8          0x800'0815         Code  Gb  ABImemcpy.o [6]
__aeabi_memset           0x800'1885         Code  Gb  ABImemset.o [6]
__cmain                  0x800'1955         Code  Gb  cmain.o [6]
__exit                   0x800'1989   0x14  Code  Gb  exit.o [7]
__iar_Memset             0x800'1885         Code  Gb  ABImemset.o [6]
__iar_Memset_word        0x800'188d         Code  Gb  ABImemset.o [6]
__iar_data_init3         0x800'191d   0x28  Code  Gb  data_init.o [6]
__iar_packbits_init_single3
                         0x800'089b   0x3a  Code  Gb  packbits_init_single.o [6]
__iar_program_start      0x800'199d         Code  Gb  cstartup_M.o [6]
__low_level_init         0x800'1973    0x4  Code  Gb  low_level_init.o [5]
__vector_table           0x800'0000         Data  Gb  startup_stm32f103xb.o [1]
_call_main               0x800'1961         Code  Gb  cmain.o [6]
_exit                    0x800'197d         Code  Gb  cexit.o [6]
effect_test              0x800'18ec   0x30  Data  Lc  equalizer.o [4]
equalizer               0x2000'03f0    0x8  Data  Lc  equalizer.o [4]
equalizer_init           0x800'1785    0xe  Code  Gb  equalizer.o [4]
equalizer_set            0x800'1793   0x6c  Code  Gb  equalizer.o [4]
exit                     0x800'1977    0x4  Code  Gb  exit.o [5]
main                     0x800'1665   0x48  Code  Gb  main.o [4]
memset                   0x800'1831   0x14  Code  Gb  memset.o [6]
uwTick                  0x2000'03f8    0x4  Data  Gb  stm32f1xx_hal.o [3]
uwTickFreq              0x2000'03fc    0x1  Data  Gb  stm32f1xx_hal.o [3]
uwTickPrio              0x2000'0000    0x4  Data  Gb  stm32f1xx_hal.o [3]


[1] = D:\GitHub\STM32F103_EqualizerBar\Firmware\EWARM\WS2812B\Obj\Application\EWARM
[2] = D:\GitHub\STM32F103_EqualizerBar\Firmware\EWARM\WS2812B\Obj\Application\EWARM\Drivers\CMSIS
[3] = D:\GitHub\STM32F103_EqualizerBar\Firmware\EWARM\WS2812B\Obj\Application\EWARM\Drivers\STM32F1xx_HAL_Driver
[4] = D:\GitHub\STM32F103_EqualizerBar\Firmware\EWARM\WS2812B\Obj\Application\User\Src
[5] = dl7M_tlf.a
[6] = rt7M_tl.a
[7] = shb_l.a

  6'746 bytes of readonly  code memory
    129 bytes of readonly  data memory
  2'045 bytes of readwrite data memory

Errors: none
Warnings: none
